// Jest Snapshot v1, https://goo.gl/fbAQLP

exports[`Pruebas en <GiftIten/> debe hacer macth con el snapshot 1`] = `
<div>
  <div
    class="card"
  >
    <img
      alt="Digimon"
      src="https://digimon.com/digimon.jpg"
    />
    Digimon
  </div>
</div>
`;
